1) Установите СУБД MySQL. Создайте в домашней директории файл .my.cnf, задав в нем логин и пароль, который указывался при установке.
docker run --user root --name mysql -e MYSQL_ROOT_PASSWORD=123qwe -v ${PWD}/.my.cnf:/root/.my.cnf -d mysql:latest
docker exec -it mysql bash

2) Создайте базу данных example, разместите в ней таблицу users, состоящую из двух столбцов, числового id и строкового name.
mysql> create database example;
Query OK, 1 row affected (0.01 sec)

mysql> use example
Database changed
mysql> show tables;
Empty set (0.00 sec)

mysql> create table user (
    -> id INT UNSIGNED,
    -> name VARCHAR(255)
    -> );
Query OK, 0 rows affected (0.03 sec)

mysql> insert into user values(1, 'Fedor;');
Query OK, 1 row affected (0.01 sec)

3) Создайте дамп базы данных example из предыдущего задания, разверните содержимое дампа в новую базу данных sample.
mysqldump example > example.mysql
mysql> create sample
    -> ;
ERROR 1064 (42000): You have an error in your SQL syntax; check the manual that corresponds to your MySQL server version for the right syntax to use near 'sample' at line 1
mysql> create database sample;
Query OK, 1 row affected (0.01 sec)

mysql> ^DBye
root@b82ca4cc8145:/# mysql sample < example.mysql
root@b82ca4cc8145:/# mysql -D sample
Reading table information for completion of table and column names
You can turn off this feature to get a quicker startup with -A

Welcome to the MySQL monitor.  Commands end with ; or \g.
Your MySQL connection id is 18
Server version: 8.0.25 MySQL Community Server - GPL

Copyright (c) 2000, 2021, Oracle and/or its affiliates.

Oracle is a registered trademark of Oracle Corporation and/or its
affiliates. Other names may be trademarks of their respective
owners.

Type 'help;' or '\h' for help. Type '\c' to clear the current input statement.

mysql> show tables
    -> ;
+------------------+
| Tables_in_sample |
+------------------+
| user             |
+------------------+
1 row in set (0.00 sec)

mysql> show databases;
+--------------------+
| Database           |
+--------------------+
| example            |
| information_schema |
| mysql              |
| performance_schema |
| sample             |
| sys                |
+--------------------+
6 rows in set (0.00 sec)

mysql> select * from sample.user;
+------+--------+
| id   | name   |
+------+--------+
|    1 | Fedor; |
+------+--------+
1 row in set (0.00 sec)

mysql>

4) (по желанию) Ознакомьтесь более подробно с документацией утилиты mysqldump. Создайте дамп единственной таблицы help_keyword базы данных mysql. Причем добейтесь того, чтобы дамп содержал только первые 100 строк таблицы.
NOT ENOUGH TIME =(